mode: set
github.com/go-ozzo/ozzo-validation/v4/is/rules.go:252.32,254.2 1 1
github.com/go-ozzo/ozzo-validation/v4/is/rules.go:256.33,258.2 1 1
github.com/go-ozzo/ozzo-validation/v4/is/rules.go:260.38,262.2 1 1
github.com/go-ozzo/ozzo-validation/v4/is/rules.go:264.37,266.2 1 1
github.com/go-ozzo/ozzo-validation/v4/is/rules.go:268.34,269.22 1 1
github.com/go-ozzo/ozzo-validation/v4/is/rules.go:269.22,271.3 1 1
github.com/go-ozzo/ozzo-validation/v4/is/rules.go:273.2,273.36 1 1
github.com/go-ozzo/ozzo-validation/v4/is/rules.go:276.38,277.26 1 1
github.com/go-ozzo/ozzo-validation/v4/is/rules.go:277.26,278.35 1 1
github.com/go-ozzo/ozzo-validation/v4/is/rules.go:278.35,280.4 1 1
github.com/go-ozzo/ozzo-validation/v4/is/rules.go:282.2,282.13 1 1
github.com/go-ozzo/ozzo-validation/v4/absent.go:28.55,29.17 1 1
github.com/go-ozzo/ozzo-validation/v4/absent.go:29.17,31.69 2 1
github.com/go-ozzo/ozzo-validation/v4/absent.go:31.69,32.20 1 1
github.com/go-ozzo/ozzo-validation/v4/absent.go:32.20,34.5 1 0
github.com/go-ozzo/ozzo-validation/v4/absent.go:35.4,35.17 1 1
github.com/go-ozzo/ozzo-validation/v4/absent.go:35.17,37.5 1 1
github.com/go-ozzo/ozzo-validation/v4/absent.go:38.4,38.17 1 1
github.com/go-ozzo/ozzo-validation/v4/absent.go:41.2,41.12 1 1
github.com/go-ozzo/ozzo-validation/v4/absent.go:45.53,48.2 2 1
github.com/go-ozzo/ozzo-validation/v4/absent.go:51.54,52.18 1 1
github.com/go-ozzo/ozzo-validation/v4/absent.go:52.18,53.16 1 1
github.com/go-ozzo/ozzo-validation/v4/absent.go:53.16,55.4 1 1
github.com/go-ozzo/ozzo-validation/v4/absent.go:55.9,57.4 1 1
github.com/go-ozzo/ozzo-validation/v4/absent.go:59.2,60.10 2 1
github.com/go-ozzo/ozzo-validation/v4/absent.go:64.55,67.2 2 1
github.com/go-ozzo/ozzo-validation/v4/date.go:36.35,42.2 1 1
github.com/go-ozzo/ozzo-validation/v4/date.go:45.50,48.2 2 1
github.com/go-ozzo/ozzo-validation/v4/date.go:51.51,54.2 2 1
github.com/go-ozzo/ozzo-validation/v4/date.go:57.55,60.2 2 1
github.com/go-ozzo/ozzo-validation/v4/date.go:63.56,66.2 2 1
github.com/go-ozzo/ozzo-validation/v4/date.go:69.47,72.2 2 1
github.com/go-ozzo/ozzo-validation/v4/date.go:75.47,78.2 2 1
github.com/go-ozzo/ozzo-validation/v4/date.go:81.53,83.29 2 1
github.com/go-ozzo/ozzo-validation/v4/date.go:83.29,85.3 1 1
github.com/go-ozzo/ozzo-validation/v4/date.go:87.2,88.16 2 1
github.com/go-ozzo/ozzo-validation/v4/date.go:88.16,90.3 1 1
github.com/go-ozzo/ozzo-validation/v4/date.go:92.2,93.16 2 1
github.com/go-ozzo/ozzo-validation/v4/date.go:93.16,95.3 1 1
github.com/go-ozzo/ozzo-validation/v4/date.go:97.2,97.82 1 1
github.com/go-ozzo/ozzo-validation/v4/date.go:97.82,99.3 1 1
github.com/go-ozzo/ozzo-validation/v4/date.go:101.2,101.12 1 1
github.com/go-ozzo/ozzo-validation/v4/each.go:17.35,21.2 1 1
github.com/go-ozzo/ozzo-validation/v4/each.go:29.53,31.2 1 1
github.com/go-ozzo/ozzo-validation/v4/each.go:34.85,38.18 3 1
github.com/go-ozzo/ozzo-validation/v4/each.go:39.19,40.33 1 1
github.com/go-ozzo/ozzo-validation/v4/each.go:40.33,43.18 3 1
github.com/go-ozzo/ozzo-validation/v4/each.go:43.18,45.5 1 1
github.com/go-ozzo/ozzo-validation/v4/each.go:45.10,47.5 1 1
github.com/go-ozzo/ozzo-validation/v4/each.go:48.4,48.18 1 1
github.com/go-ozzo/ozzo-validation/v4/each.go:48.18,50.5 1 1
github.com/go-ozzo/ozzo-validation/v4/each.go:52.36,53.32 1 1
github.com/go-ozzo/ozzo-validation/v4/each.go:53.32,56.18 3 1
github.com/go-ozzo/ozzo-validation/v4/each.go:56.18,58.5 1 1
github.com/go-ozzo/ozzo-validation/v4/each.go:58.10,60.5 1 1
github.com/go-ozzo/ozzo-validation/v4/each.go:61.4,61.18 1 1
github.com/go-ozzo/ozzo-validation/v4/each.go:61.18,63.5 1 1
github.com/go-ozzo/ozzo-validation/v4/each.go:65.10,66.65 1 1
github.com/go-ozzo/ozzo-validation/v4/each.go:69.2,69.19 1 1
github.com/go-ozzo/ozzo-validation/v4/each.go:69.19,71.3 1 1
github.com/go-ozzo/ozzo-validation/v4/each.go:72.2,72.12 1 1
github.com/go-ozzo/ozzo-validation/v4/each.go:75.65,76.22 1 1
github.com/go-ozzo/ozzo-validation/v4/each.go:77.38,78.20 1 1
github.com/go-ozzo/ozzo-validation/v4/each.go:78.20,80.4 1 1
github.com/go-ozzo/ozzo-validation/v4/each.go:81.3,81.34 1 1
github.com/go-ozzo/ozzo-validation/v4/each.go:82.10,83.27 1 1
github.com/go-ozzo/ozzo-validation/v4/each.go:87.57,88.22 1 1
github.com/go-ozzo/ozzo-validation/v4/each.go:89.38,90.20 1 1
github.com/go-ozzo/ozzo-validation/v4/each.go:90.20,92.4 1 1
github.com/go-ozzo/ozzo-validation/v4/each.go:93.3,93.31 1 1
github.com/go-ozzo/ozzo-validation/v4/each.go:94.10,95.24 1 1
github.com/go-ozzo/ozzo-validation/v4/error.go:51.48,53.2 1 1
github.com/go-ozzo/ozzo-validation/v4/error.go:56.46,58.2 1 1
github.com/go-ozzo/ozzo-validation/v4/error.go:61.49,64.2 2 1
github.com/go-ozzo/ozzo-validation/v4/error.go:67.36,69.2 1 1
github.com/go-ozzo/ozzo-validation/v4/error.go:72.69,75.2 2 1
github.com/go-ozzo/ozzo-validation/v4/error.go:78.69,79.21 1 1
github.com/go-ozzo/ozzo-validation/v4/error.go:79.21,81.3 1 1
github.com/go-ozzo/ozzo-validation/v4/error.go:83.2,84.10 2 1
github.com/go-ozzo/ozzo-validation/v4/error.go:88.54,90.2 1 1
github.com/go-ozzo/ozzo-validation/v4/error.go:93.55,96.2 2 1
github.com/go-ozzo/ozzo-validation/v4/error.go:99.39,101.2 1 1
github.com/go-ozzo/ozzo-validation/v4/error.go:104.37,105.24 1 1
github.com/go-ozzo/ozzo-validation/v4/error.go:105.24,107.3 1 1
github.com/go-ozzo/ozzo-validation/v4/error.go:109.2,112.21 3 1
github.com/go-ozzo/ozzo-validation/v4/error.go:116.33,117.18 1 1
github.com/go-ozzo/ozzo-validation/v4/error.go:117.18,119.3 1 1
github.com/go-ozzo/ozzo-validation/v4/error.go:121.2,123.22 3 1
github.com/go-ozzo/ozzo-validation/v4/error.go:123.22,126.3 2 1
github.com/go-ozzo/ozzo-validation/v4/error.go:127.2,130.27 3 1
github.com/go-ozzo/ozzo-validation/v4/error.go:130.27,131.12 1 1
github.com/go-ozzo/ozzo-validation/v4/error.go:131.12,133.4 1 1
github.com/go-ozzo/ozzo-validation/v4/error.go:134.3,134.39 1 1
github.com/go-ozzo/ozzo-validation/v4/error.go:134.39,136.4 1 1
github.com/go-ozzo/ozzo-validation/v4/error.go:136.9,138.4 1 1
github.com/go-ozzo/ozzo-validation/v4/error.go:140.2,141.19 2 1
github.com/go-ozzo/ozzo-validation/v4/error.go:145.48,147.27 2 1
github.com/go-ozzo/ozzo-validation/v4/error.go:147.27,148.41 1 1
github.com/go-ozzo/ozzo-validation/v4/error.go:148.41,150.4 1 1
github.com/go-ozzo/ozzo-validation/v4/error.go:150.9,152.4 1 1
github.com/go-ozzo/ozzo-validation/v4/error.go:154.2,154.27 1 1
github.com/go-ozzo/ozzo-validation/v4/error.go:159.33,160.29 1 1
github.com/go-ozzo/ozzo-validation/v4/error.go:160.29,161.19 1 1
github.com/go-ozzo/ozzo-validation/v4/error.go:161.19,163.4 1 1
github.com/go-ozzo/ozzo-validation/v4/error.go:165.2,165.18 1 1
github.com/go-ozzo/ozzo-validation/v4/error.go:165.18,167.3 1 1
github.com/go-ozzo/ozzo-validation/v4/error.go:168.2,168.11 1 1
github.com/go-ozzo/ozzo-validation/v4/error.go:172.43,177.2 1 1
github.com/go-ozzo/ozzo-validation/v4/in.go:18.39,23.2 1 1
github.com/go-ozzo/ozzo-validation/v4/in.go:32.51,34.29 2 1
github.com/go-ozzo/ozzo-validation/v4/in.go:34.29,36.3 1 1
github.com/go-ozzo/ozzo-validation/v4/in.go:38.2,38.31 1 1
github.com/go-ozzo/ozzo-validation/v4/in.go:38.31,39.34 1 1
github.com/go-ozzo/ozzo-validation/v4/in.go:39.34,41.4 1 1
github.com/go-ozzo/ozzo-validation/v4/in.go:44.2,44.14 1 1
github.com/go-ozzo/ozzo-validation/v4/in.go:48.46,51.2 2 1
github.com/go-ozzo/ozzo-validation/v4/in.go:54.47,57.2 2 1
github.com/go-ozzo/ozzo-validation/v4/length.go:28.38,30.2 1 1
github.com/go-ozzo/ozzo-validation/v4/length.go:37.42,42.2 3 1
github.com/go-ozzo/ozzo-validation/v4/length.go:53.55,55.29 2 1
github.com/go-ozzo/ozzo-validation/v4/length.go:55.29,57.3 1 1
github.com/go-ozzo/ozzo-validation/v4/length.go:59.2,63.43 2 1
github.com/go-ozzo/ozzo-validation/v4/length.go:63.43,65.3 1 1
github.com/go-ozzo/ozzo-validation/v4/length.go:65.8,65.54 1 1
github.com/go-ozzo/ozzo-validation/v4/length.go:65.54,67.3 1 1
github.com/go-ozzo/ozzo-validation/v4/length.go:69.2,69.91 1 1
github.com/go-ozzo/ozzo-validation/v4/length.go:69.91,71.3 1 1
github.com/go-ozzo/ozzo-validation/v4/length.go:73.2,73.12 1 1
github.com/go-ozzo/ozzo-validation/v4/length.go:77.54,80.2 2 1
github.com/go-ozzo/ozzo-validation/v4/length.go:83.55,86.2 2 1
github.com/go-ozzo/ozzo-validation/v4/length.go:88.53,89.25 1 1
github.com/go-ozzo/ozzo-validation/v4/length.go:89.25,91.3 1 1
github.com/go-ozzo/ozzo-validation/v4/length.go:91.8,91.32 1 1
github.com/go-ozzo/ozzo-validation/v4/length.go:91.32,93.3 1 1
github.com/go-ozzo/ozzo-validation/v4/length.go:93.8,93.31 1 1
github.com/go-ozzo/ozzo-validation/v4/length.go:93.31,94.17 1 1
github.com/go-ozzo/ozzo-validation/v4/length.go:94.17,96.4 1 1
github.com/go-ozzo/ozzo-validation/v4/length.go:96.9,98.4 1 1
github.com/go-ozzo/ozzo-validation/v4/length.go:99.8,101.3 1 1
github.com/go-ozzo/ozzo-validation/v4/length.go:103.2,103.70 1 1
github.com/go-ozzo/ozzo-validation/v4/map.go:50.37,52.2 1 1
github.com/go-ozzo/ozzo-validation/v4/map.go:55.43,58.2 2 1
github.com/go-ozzo/ozzo-validation/v4/map.go:61.48,63.2 1 1
github.com/go-ozzo/ozzo-validation/v4/map.go:66.80,68.33 2 1
github.com/go-ozzo/ozzo-validation/v4/map.go:68.33,70.3 1 1
github.com/go-ozzo/ozzo-validation/v4/map.go:71.2,71.33 1 1
github.com/go-ozzo/ozzo-validation/v4/map.go:71.33,74.3 1 1
github.com/go-ozzo/ozzo-validation/v4/map.go:75.2,75.19 1 1
github.com/go-ozzo/ozzo-validation/v4/map.go:75.19,78.3 1 1
github.com/go-ozzo/ozzo-validation/v4/map.go:80.2,84.23 4 1
github.com/go-ozzo/ozzo-validation/v4/map.go:84.23,86.37 2 1
github.com/go-ozzo/ozzo-validation/v4/map.go:86.37,88.4 1 1
github.com/go-ozzo/ozzo-validation/v4/map.go:91.2,91.28 1 1
github.com/go-ozzo/ozzo-validation/v4/map.go:91.28,93.65 2 1
github.com/go-ozzo/ozzo-validation/v4/map.go:93.65,95.4 1 1
github.com/go-ozzo/ozzo-validation/v4/map.go:95.9,95.53 1 1
github.com/go-ozzo/ozzo-validation/v4/map.go:95.53,96.20 1 1
github.com/go-ozzo/ozzo-validation/v4/map.go:96.20,98.5 1 1
github.com/go-ozzo/ozzo-validation/v4/map.go:99.9,99.24 1 1
github.com/go-ozzo/ozzo-validation/v4/map.go:99.24,101.4 1 1
github.com/go-ozzo/ozzo-validation/v4/map.go:101.9,103.4 1 1
github.com/go-ozzo/ozzo-validation/v4/map.go:104.3,104.17 1 1
github.com/go-ozzo/ozzo-validation/v4/map.go:104.17,105.70 1 1
github.com/go-ozzo/ozzo-validation/v4/map.go:105.70,107.5 1 1
github.com/go-ozzo/ozzo-validation/v4/map.go:108.4,108.39 1 1
github.com/go-ozzo/ozzo-validation/v4/map.go:110.3,110.24 1 1
github.com/go-ozzo/ozzo-validation/v4/map.go:110.24,112.4 1 1
github.com/go-ozzo/ozzo-validation/v4/map.go:115.2,115.23 1 1
github.com/go-ozzo/ozzo-validation/v4/map.go:115.23,116.30 1 1
github.com/go-ozzo/ozzo-validation/v4/map.go:116.30,118.4 1 1
github.com/go-ozzo/ozzo-validation/v4/map.go:121.2,121.19 1 1
github.com/go-ozzo/ozzo-validation/v4/map.go:121.19,123.3 1 1
github.com/go-ozzo/ozzo-validation/v4/map.go:124.2,124.12 1 1
github.com/go-ozzo/ozzo-validation/v4/map.go:128.52,133.2 1 1
github.com/go-ozzo/ozzo-validation/v4/map.go:136.41,139.2 2 1
github.com/go-ozzo/ozzo-validation/v4/map.go:142.46,144.2 1 1
github.com/go-ozzo/ozzo-validation/v4/match.go:17.41,22.2 1 1
github.com/go-ozzo/ozzo-validation/v4/match.go:31.54,33.11 2 1
github.com/go-ozzo/ozzo-validation/v4/match.go:33.11,35.3 1 1
github.com/go-ozzo/ozzo-validation/v4/match.go:37.2,38.54 2 1
github.com/go-ozzo/ozzo-validation/v4/match.go:38.54,40.3 1 1
github.com/go-ozzo/ozzo-validation/v4/match.go:40.8,40.56 1 1
github.com/go-ozzo/ozzo-validation/v4/match.go:40.56,42.3 1 1
github.com/go-ozzo/ozzo-validation/v4/match.go:43.2,43.14 1 1
github.com/go-ozzo/ozzo-validation/v4/match.go:47.52,50.2 2 1
github.com/go-ozzo/ozzo-validation/v4/match.go:53.53,56.2 2 1
github.com/go-ozzo/ozzo-validation/v4/minmax.go:43.41,50.2 1 1
github.com/go-ozzo/ozzo-validation/v4/minmax.go:57.41,63.2 1 1
github.com/go-ozzo/ozzo-validation/v4/minmax.go:66.50,67.36 1 1
github.com/go-ozzo/ozzo-validation/v4/minmax.go:67.36,70.3 2 1
github.com/go-ozzo/ozzo-validation/v4/minmax.go:70.8,70.40 1 1
github.com/go-ozzo/ozzo-validation/v4/minmax.go:70.40,73.3 2 1
github.com/go-ozzo/ozzo-validation/v4/minmax.go:74.2,74.10 1 1
github.com/go-ozzo/ozzo-validation/v4/minmax.go:78.58,80.29 2 1
github.com/go-ozzo/ozzo-validation/v4/minmax.go:80.29,82.3 1 1
github.com/go-ozzo/ozzo-validation/v4/minmax.go:84.2,85.19 2 1
github.com/go-ozzo/ozzo-validation/v4/minmax.go:86.78,88.17 2 1
github.com/go-ozzo/ozzo-validation/v4/minmax.go:88.17,90.4 1 1
github.com/go-ozzo/ozzo-validation/v4/minmax.go:91.3,91.32 1 1
github.com/go-ozzo/ozzo-validation/v4/minmax.go:91.32,93.4 1 1
github.com/go-ozzo/ozzo-validation/v4/minmax.go:95.100,97.17 2 1
github.com/go-ozzo/ozzo-validation/v4/minmax.go:97.17,99.4 1 1
github.com/go-ozzo/ozzo-validation/v4/minmax.go:100.3,100.34 1 1
github.com/go-ozzo/ozzo-validation/v4/minmax.go:100.34,102.4 1 1
github.com/go-ozzo/ozzo-validation/v4/minmax.go:104.40,106.17 2 1
github.com/go-ozzo/ozzo-validation/v4/minmax.go:106.17,108.4 1 1
github.com/go-ozzo/ozzo-validation/v4/minmax.go:109.3,109.36 1 1
github.com/go-ozzo/ozzo-validation/v4/minmax.go:109.36,111.4 1 1
github.com/go-ozzo/ozzo-validation/v4/minmax.go:113.22,115.10 2 1
github.com/go-ozzo/ozzo-validation/v4/minmax.go:115.10,117.4 1 1
github.com/go-ozzo/ozzo-validation/v4/minmax.go:118.3,119.10 2 1
github.com/go-ozzo/ozzo-validation/v4/minmax.go:119.10,121.4 1 1
github.com/go-ozzo/ozzo-validation/v4/minmax.go:122.3,122.40 1 1
github.com/go-ozzo/ozzo-validation/v4/minmax.go:122.40,124.4 1 1
github.com/go-ozzo/ozzo-validation/v4/minmax.go:126.10,127.57 1 1
github.com/go-ozzo/ozzo-validation/v4/minmax.go:130.2,130.74 1 1
github.com/go-ozzo/ozzo-validation/v4/minmax.go:134.60,137.2 2 1
github.com/go-ozzo/ozzo-validation/v4/minmax.go:140.61,143.2 2 1
github.com/go-ozzo/ozzo-validation/v4/minmax.go:145.64,146.20 1 1
github.com/go-ozzo/ozzo-validation/v4/minmax.go:147.19,148.27 1 1
github.com/go-ozzo/ozzo-validation/v4/minmax.go:149.24,150.28 1 1
github.com/go-ozzo/ozzo-validation/v4/minmax.go:151.16,152.27 1 1
github.com/go-ozzo/ozzo-validation/v4/minmax.go:153.10,154.28 1 1
github.com/go-ozzo/ozzo-validation/v4/minmax.go:158.66,159.20 1 1
github.com/go-ozzo/ozzo-validation/v4/minmax.go:160.19,161.27 1 1
github.com/go-ozzo/ozzo-validation/v4/minmax.go:162.24,163.28 1 1
github.com/go-ozzo/ozzo-validation/v4/minmax.go:164.16,165.27 1 1
github.com/go-ozzo/ozzo-validation/v4/minmax.go:166.10,167.28 1 1
github.com/go-ozzo/ozzo-validation/v4/minmax.go:171.68,172.20 1 1
github.com/go-ozzo/ozzo-validation/v4/minmax.go:173.19,174.27 1 1
github.com/go-ozzo/ozzo-validation/v4/minmax.go:175.24,176.28 1 1
github.com/go-ozzo/ozzo-validation/v4/minmax.go:177.16,178.27 1 1
github.com/go-ozzo/ozzo-validation/v4/minmax.go:179.10,180.28 1 1
github.com/go-ozzo/ozzo-validation/v4/minmax.go:184.69,185.20 1 1
github.com/go-ozzo/ozzo-validation/v4/minmax.go:186.19,187.32 1 1
github.com/go-ozzo/ozzo-validation/v4/minmax.go:188.24,189.58 1 1
github.com/go-ozzo/ozzo-validation/v4/minmax.go:190.16,191.33 1 1
github.com/go-ozzo/ozzo-validation/v4/minmax.go:192.10,193.59 1 1
github.com/go-ozzo/ozzo-validation/v4/multipleof.go:13.50,18.2 1 1
github.com/go-ozzo/ozzo-validation/v4/multipleof.go:27.62,30.2 2 1
github.com/go-ozzo/ozzo-validation/v4/multipleof.go:33.63,36.2 2 1
github.com/go-ozzo/ozzo-validation/v4/multipleof.go:39.59,41.19 2 1
github.com/go-ozzo/ozzo-validation/v4/multipleof.go:42.78,44.17 2 1
github.com/go-ozzo/ozzo-validation/v4/multipleof.go:44.17,46.4 1 1
github.com/go-ozzo/ozzo-validation/v4/multipleof.go:47.3,47.22 1 1
github.com/go-ozzo/ozzo-validation/v4/multipleof.go:47.22,49.4 1 1
github.com/go-ozzo/ozzo-validation/v4/multipleof.go:51.100,53.17 2 1
github.com/go-ozzo/ozzo-validation/v4/multipleof.go:53.17,55.4 1 1
github.com/go-ozzo/ozzo-validation/v4/multipleof.go:57.3,57.23 1 1
github.com/go-ozzo/ozzo-validation/v4/multipleof.go:57.23,59.4 1 1
github.com/go-ozzo/ozzo-validation/v4/multipleof.go:60.10,61.57 1 1
github.com/go-ozzo/ozzo-validation/v4/multipleof.go:64.2,64.64 1 1
github.com/go-ozzo/ozzo-validation/v4/not_in.go:13.45,18.2 1 1
github.com/go-ozzo/ozzo-validation/v4/not_in.go:27.54,29.29 2 1
github.com/go-ozzo/ozzo-validation/v4/not_in.go:29.29,31.3 1 1
github.com/go-ozzo/ozzo-validation/v4/not_in.go:33.2,33.31 1 1
github.com/go-ozzo/ozzo-validation/v4/not_in.go:33.31,34.17 1 1
github.com/go-ozzo/ozzo-validation/v4/not_in.go:34.17,36.4 1 1
github.com/go-ozzo/ozzo-validation/v4/not_in.go:38.2,38.12 1 1
github.com/go-ozzo/ozzo-validation/v4/not_in.go:42.52,45.2 2 1
github.com/go-ozzo/ozzo-validation/v4/not_in.go:48.53,51.2 2 1
github.com/go-ozzo/ozzo-validation/v4/not_nil.go:20.55,22.11 2 1
github.com/go-ozzo/ozzo-validation/v4/not_nil.go:22.11,23.19 1 1
github.com/go-ozzo/ozzo-validation/v4/not_nil.go:23.19,25.4 1 0
github.com/go-ozzo/ozzo-validation/v4/not_nil.go:26.3,26.27 1 1
github.com/go-ozzo/ozzo-validation/v4/not_nil.go:28.2,28.12 1 1
github.com/go-ozzo/ozzo-validation/v4/not_nil.go:32.54,33.18 1 1
github.com/go-ozzo/ozzo-validation/v4/not_nil.go:33.18,35.3 1 1
github.com/go-ozzo/ozzo-validation/v4/not_nil.go:36.2,37.10 2 1
github.com/go-ozzo/ozzo-validation/v4/not_nil.go:41.55,44.2 2 1
github.com/go-ozzo/ozzo-validation/v4/required.go:35.57,36.17 1 1
github.com/go-ozzo/ozzo-validation/v4/required.go:36.17,38.87 2 1
github.com/go-ozzo/ozzo-validation/v4/required.go:38.87,39.20 1 1
github.com/go-ozzo/ozzo-validation/v4/required.go:39.20,41.5 1 0
github.com/go-ozzo/ozzo-validation/v4/required.go:42.4,42.17 1 1
github.com/go-ozzo/ozzo-validation/v4/required.go:42.17,44.5 1 1
github.com/go-ozzo/ozzo-validation/v4/required.go:45.4,45.22 1 1
github.com/go-ozzo/ozzo-validation/v4/required.go:48.2,48.12 1 1
github.com/go-ozzo/ozzo-validation/v4/required.go:52.57,55.2 2 1
github.com/go-ozzo/ozzo-validation/v4/required.go:58.58,59.18 1 1
github.com/go-ozzo/ozzo-validation/v4/required.go:59.18,60.16 1 1
github.com/go-ozzo/ozzo-validation/v4/required.go:60.16,62.4 1 1
github.com/go-ozzo/ozzo-validation/v4/required.go:62.9,64.4 1 1
github.com/go-ozzo/ozzo-validation/v4/required.go:66.2,67.10 2 1
github.com/go-ozzo/ozzo-validation/v4/required.go:71.59,74.2 2 1
github.com/go-ozzo/ozzo-validation/v4/string.go:18.74,23.2 1 1
github.com/go-ozzo/ozzo-validation/v4/string.go:28.78,33.2 1 1
github.com/go-ozzo/ozzo-validation/v4/string.go:36.54,39.2 2 1
github.com/go-ozzo/ozzo-validation/v4/string.go:42.55,45.2 2 1
github.com/go-ozzo/ozzo-validation/v4/string.go:48.55,50.29 2 1
github.com/go-ozzo/ozzo-validation/v4/string.go:50.29,52.3 1 1
github.com/go-ozzo/ozzo-validation/v4/string.go:54.2,55.16 2 1
github.com/go-ozzo/ozzo-validation/v4/string.go:55.16,57.3 1 1
github.com/go-ozzo/ozzo-validation/v4/string.go:59.2,59.21 1 1
github.com/go-ozzo/ozzo-validation/v4/string.go:59.21,61.3 1 1
github.com/go-ozzo/ozzo-validation/v4/string.go:63.2,63.14 1 1
github.com/go-ozzo/ozzo-validation/v4/struct.go:35.41,37.2 1 1
github.com/go-ozzo/ozzo-validation/v4/struct.go:40.42,42.2 1 1
github.com/go-ozzo/ozzo-validation/v4/struct.go:62.73,64.2 1 1
github.com/go-ozzo/ozzo-validation/v4/struct.go:70.105,72.92 2 1
github.com/go-ozzo/ozzo-validation/v4/struct.go:72.92,75.3 1 1
github.com/go-ozzo/ozzo-validation/v4/struct.go:76.2,76.19 1 1
github.com/go-ozzo/ozzo-validation/v4/struct.go:76.19,79.3 1 1
github.com/go-ozzo/ozzo-validation/v4/struct.go:80.2,84.28 3 1
github.com/go-ozzo/ozzo-validation/v4/struct.go:84.28,86.31 2 1
github.com/go-ozzo/ozzo-validation/v4/struct.go:86.31,88.4 1 1
github.com/go-ozzo/ozzo-validation/v4/struct.go:89.3,90.16 2 1
github.com/go-ozzo/ozzo-validation/v4/struct.go:90.16,92.4 1 1
github.com/go-ozzo/ozzo-validation/v4/struct.go:93.3,94.17 2 1
github.com/go-ozzo/ozzo-validation/v4/struct.go:94.17,96.4 1 1
github.com/go-ozzo/ozzo-validation/v4/struct.go:96.9,98.4 1 1
github.com/go-ozzo/ozzo-validation/v4/struct.go:99.3,99.17 1 1
github.com/go-ozzo/ozzo-validation/v4/struct.go:99.17,100.70 1 1
github.com/go-ozzo/ozzo-validation/v4/struct.go:100.70,102.5 1 1
github.com/go-ozzo/ozzo-validation/v4/struct.go:103.4,103.20 1 1
github.com/go-ozzo/ozzo-validation/v4/struct.go:103.20,105.35 1 1
github.com/go-ozzo/ozzo-validation/v4/struct.go:105.35,106.34 1 1
github.com/go-ozzo/ozzo-validation/v4/struct.go:106.34,108.7 1 1
github.com/go-ozzo/ozzo-validation/v4/struct.go:109.6,109.14 1 1
github.com/go-ozzo/ozzo-validation/v4/struct.go:112.4,112.37 1 1
github.com/go-ozzo/ozzo-validation/v4/struct.go:116.2,116.19 1 1
github.com/go-ozzo/ozzo-validation/v4/struct.go:116.19,118.3 1 1
github.com/go-ozzo/ozzo-validation/v4/struct.go:119.2,119.12 1 1
github.com/go-ozzo/ozzo-validation/v4/struct.go:124.61,129.2 1 1
github.com/go-ozzo/ozzo-validation/v4/struct.go:134.96,136.51 2 1
github.com/go-ozzo/ozzo-validation/v4/struct.go:136.51,138.47 2 1
github.com/go-ozzo/ozzo-validation/v4/struct.go:138.47,141.43 1 1
github.com/go-ozzo/ozzo-validation/v4/struct.go:141.43,143.5 1 1
github.com/go-ozzo/ozzo-validation/v4/struct.go:145.3,145.19 1 1
github.com/go-ozzo/ozzo-validation/v4/struct.go:145.19,148.37 2 1
github.com/go-ozzo/ozzo-validation/v4/struct.go:148.37,150.5 1 1
github.com/go-ozzo/ozzo-validation/v4/struct.go:151.4,151.35 1 1
github.com/go-ozzo/ozzo-validation/v4/struct.go:151.35,152.55 1 1
github.com/go-ozzo/ozzo-validation/v4/struct.go:152.55,154.6 1 1
github.com/go-ozzo/ozzo-validation/v4/struct.go:158.2,158.12 1 1
github.com/go-ozzo/ozzo-validation/v4/struct.go:162.55,163.57 1 1
github.com/go-ozzo/ozzo-validation/v4/struct.go:163.57,164.55 1 1
github.com/go-ozzo/ozzo-validation/v4/struct.go:164.55,166.4 1 1
github.com/go-ozzo/ozzo-validation/v4/struct.go:168.2,168.15 1 1
github.com/go-ozzo/ozzo-validation/v4/util.go:23.54,25.32 2 1
github.com/go-ozzo/ozzo-validation/v4/util.go:25.32,27.3 1 1
github.com/go-ozzo/ozzo-validation/v4/util.go:28.2,28.27 1 1
github.com/go-ozzo/ozzo-validation/v4/util.go:28.27,30.3 1 1
github.com/go-ozzo/ozzo-validation/v4/util.go:31.2,31.64 1 1
github.com/go-ozzo/ozzo-validation/v4/util.go:36.92,38.32 2 1
github.com/go-ozzo/ozzo-validation/v4/util.go:38.32,41.3 2 1
github.com/go-ozzo/ozzo-validation/v4/util.go:41.8,41.63 1 1
github.com/go-ozzo/ozzo-validation/v4/util.go:41.63,44.3 2 1
github.com/go-ozzo/ozzo-validation/v4/util.go:45.2,45.8 1 1
github.com/go-ozzo/ozzo-validation/v4/util.go:50.52,52.18 2 1
github.com/go-ozzo/ozzo-validation/v4/util.go:53.65,54.22 1 1
github.com/go-ozzo/ozzo-validation/v4/util.go:56.2,56.63 1 1
github.com/go-ozzo/ozzo-validation/v4/util.go:61.46,63.18 2 1
github.com/go-ozzo/ozzo-validation/v4/util.go:64.78,65.22 1 1
github.com/go-ozzo/ozzo-validation/v4/util.go:67.2,67.62 1 1
github.com/go-ozzo/ozzo-validation/v4/util.go:72.48,74.18 2 1
github.com/go-ozzo/ozzo-validation/v4/util.go:75.100,76.23 1 1
github.com/go-ozzo/ozzo-validation/v4/util.go:78.2,78.63 1 1
github.com/go-ozzo/ozzo-validation/v4/util.go:83.50,85.18 2 1
github.com/go-ozzo/ozzo-validation/v4/util.go:86.40,87.24 1 1
github.com/go-ozzo/ozzo-validation/v4/util.go:89.2,89.64 1 1
github.com/go-ozzo/ozzo-validation/v4/util.go:99.38,101.18 2 1
github.com/go-ozzo/ozzo-validation/v4/util.go:102.65,103.22 1 1
github.com/go-ozzo/ozzo-validation/v4/util.go:104.20,105.19 1 1
github.com/go-ozzo/ozzo-validation/v4/util.go:106.78,107.22 1 1
github.com/go-ozzo/ozzo-validation/v4/util.go:108.100,109.23 1 1
github.com/go-ozzo/ozzo-validation/v4/util.go:110.40,111.24 1 1
github.com/go-ozzo/ozzo-validation/v4/util.go:112.23,113.14 1 1
github.com/go-ozzo/ozzo-validation/v4/util.go:114.38,115.16 1 1
github.com/go-ozzo/ozzo-validation/v4/util.go:115.16,117.4 1 1
github.com/go-ozzo/ozzo-validation/v4/util.go:118.3,118.39 1 1
github.com/go-ozzo/ozzo-validation/v4/util.go:119.22,121.23 2 1
github.com/go-ozzo/ozzo-validation/v4/util.go:121.23,123.4 1 1
github.com/go-ozzo/ozzo-validation/v4/util.go:126.2,126.14 1 1
github.com/go-ozzo/ozzo-validation/v4/util.go:134.54,137.14 3 1
github.com/go-ozzo/ozzo-validation/v4/util.go:138.23,139.19 1 1
github.com/go-ozzo/ozzo-validation/v4/util.go:140.38,141.17 1 1
github.com/go-ozzo/ozzo-validation/v4/util.go:141.17,143.4 1 1
github.com/go-ozzo/ozzo-validation/v4/util.go:144.3,144.41 1 1
github.com/go-ozzo/ozzo-validation/v4/util.go:145.62,146.17 1 1
github.com/go-ozzo/ozzo-validation/v4/util.go:146.17,148.4 1 1
github.com/go-ozzo/ozzo-validation/v4/util.go:151.2,151.38 1 1
github.com/go-ozzo/ozzo-validation/v4/util.go:151.38,153.3 1 1
github.com/go-ozzo/ozzo-validation/v4/util.go:155.2,155.21 1 1
github.com/go-ozzo/ozzo-validation/v4/util.go:158.63,159.62 1 1
github.com/go-ozzo/ozzo-validation/v4/util.go:159.62,161.3 1 1
github.com/go-ozzo/ozzo-validation/v4/util.go:162.2,162.18 1 1
github.com/go-ozzo/ozzo-validation/v4/validation.go:68.55,69.29 1 1
github.com/go-ozzo/ozzo-validation/v4/validation.go:69.29,70.45 1 1
github.com/go-ozzo/ozzo-validation/v4/validation.go:70.45,72.4 1 1
github.com/go-ozzo/ozzo-validation/v4/validation.go:73.3,73.46 1 1
github.com/go-ozzo/ozzo-validation/v4/validation.go:73.46,75.4 1 1
github.com/go-ozzo/ozzo-validation/v4/validation.go:78.2,79.80 2 1
github.com/go-ozzo/ozzo-validation/v4/validation.go:79.80,81.3 1 1
github.com/go-ozzo/ozzo-validation/v4/validation.go:83.2,83.38 1 1
github.com/go-ozzo/ozzo-validation/v4/validation.go:83.38,85.3 1 1
github.com/go-ozzo/ozzo-validation/v4/validation.go:87.2,87.19 1 1
github.com/go-ozzo/ozzo-validation/v4/validation.go:88.19,89.51 1 1
github.com/go-ozzo/ozzo-validation/v4/validation.go:89.51,91.4 1 1
github.com/go-ozzo/ozzo-validation/v4/validation.go:92.36,93.51 1 1
github.com/go-ozzo/ozzo-validation/v4/validation.go:93.51,95.4 1 1
github.com/go-ozzo/ozzo-validation/v4/validation.go:96.38,97.41 1 1
github.com/go-ozzo/ozzo-validation/v4/validation.go:100.2,100.12 1 1
github.com/go-ozzo/ozzo-validation/v4/validation.go:116.87,117.29 1 1
github.com/go-ozzo/ozzo-validation/v4/validation.go:117.29,118.45 1 1
github.com/go-ozzo/ozzo-validation/v4/validation.go:118.45,120.4 1 1
github.com/go-ozzo/ozzo-validation/v4/validation.go:121.3,121.43 1 1
github.com/go-ozzo/ozzo-validation/v4/validation.go:121.43,122.61 1 1
github.com/go-ozzo/ozzo-validation/v4/validation.go:122.61,124.5 1 1
github.com/go-ozzo/ozzo-validation/v4/validation.go:125.9,125.53 1 1
github.com/go-ozzo/ozzo-validation/v4/validation.go:125.53,127.4 1 1
github.com/go-ozzo/ozzo-validation/v4/validation.go:130.2,131.80 2 1
github.com/go-ozzo/ozzo-validation/v4/validation.go:131.80,133.3 1 1
github.com/go-ozzo/ozzo-validation/v4/validation.go:135.2,135.49 1 1
github.com/go-ozzo/ozzo-validation/v4/validation.go:135.49,137.3 1 1
github.com/go-ozzo/ozzo-validation/v4/validation.go:139.2,139.38 1 1
github.com/go-ozzo/ozzo-validation/v4/validation.go:139.38,141.3 1 1
github.com/go-ozzo/ozzo-validation/v4/validation.go:143.2,143.19 1 1
github.com/go-ozzo/ozzo-validation/v4/validation.go:144.19,145.62 1 1
github.com/go-ozzo/ozzo-validation/v4/validation.go:145.62,147.4 1 1
github.com/go-ozzo/ozzo-validation/v4/validation.go:148.3,148.51 1 1
github.com/go-ozzo/ozzo-validation/v4/validation.go:148.51,150.4 1 1
github.com/go-ozzo/ozzo-validation/v4/validation.go:151.36,152.62 1 1
github.com/go-ozzo/ozzo-validation/v4/validation.go:152.62,154.4 1 1
github.com/go-ozzo/ozzo-validation/v4/validation.go:155.3,155.51 1 1
github.com/go-ozzo/ozzo-validation/v4/validation.go:155.51,157.4 1 1
github.com/go-ozzo/ozzo-validation/v4/validation.go:158.38,159.57 1 1
github.com/go-ozzo/ozzo-validation/v4/validation.go:162.2,162.12 1 1
github.com/go-ozzo/ozzo-validation/v4/validation.go:166.42,168.35 2 1
github.com/go-ozzo/ozzo-validation/v4/validation.go:168.35,169.52 1 1
github.com/go-ozzo/ozzo-validation/v4/validation.go:169.52,170.54 1 1
github.com/go-ozzo/ozzo-validation/v4/validation.go:170.54,172.5 1 1
github.com/go-ozzo/ozzo-validation/v4/validation.go:175.2,175.19 1 1
github.com/go-ozzo/ozzo-validation/v4/validation.go:175.19,177.3 1 1
github.com/go-ozzo/ozzo-validation/v4/validation.go:178.2,178.12 1 1
github.com/go-ozzo/ozzo-validation/v4/validation.go:182.74,184.35 2 1
github.com/go-ozzo/ozzo-validation/v4/validation.go:184.35,185.52 1 1
github.com/go-ozzo/ozzo-validation/v4/validation.go:185.52,186.79 1 1
github.com/go-ozzo/ozzo-validation/v4/validation.go:186.79,188.5 1 1
github.com/go-ozzo/ozzo-validation/v4/validation.go:191.2,191.19 1 1
github.com/go-ozzo/ozzo-validation/v4/validation.go:191.19,193.3 1 1
github.com/go-ozzo/ozzo-validation/v4/validation.go:194.2,194.12 1 1
github.com/go-ozzo/ozzo-validation/v4/validation.go:198.44,201.25 3 1
github.com/go-ozzo/ozzo-validation/v4/validation.go:201.25,202.47 1 1
github.com/go-ozzo/ozzo-validation/v4/validation.go:202.47,203.54 1 1
github.com/go-ozzo/ozzo-validation/v4/validation.go:203.54,205.5 1 1
github.com/go-ozzo/ozzo-validation/v4/validation.go:208.2,208.19 1 1
github.com/go-ozzo/ozzo-validation/v4/validation.go:208.19,210.3 1 1
github.com/go-ozzo/ozzo-validation/v4/validation.go:211.2,211.12 1 1
github.com/go-ozzo/ozzo-validation/v4/validation.go:215.76,218.25 3 1
github.com/go-ozzo/ozzo-validation/v4/validation.go:218.25,219.47 1 1
github.com/go-ozzo/ozzo-validation/v4/validation.go:219.47,220.79 1 1
github.com/go-ozzo/ozzo-validation/v4/validation.go:220.79,222.5 1 1
github.com/go-ozzo/ozzo-validation/v4/validation.go:225.2,225.19 1 1
github.com/go-ozzo/ozzo-validation/v4/validation.go:225.19,227.3 1 1
github.com/go-ozzo/ozzo-validation/v4/validation.go:228.2,228.12 1 1
github.com/go-ozzo/ozzo-validation/v4/validation.go:235.47,237.2 1 1
github.com/go-ozzo/ozzo-validation/v4/validation.go:240.49,243.2 2 1
github.com/go-ozzo/ozzo-validation/v4/validation.go:250.56,251.16 1 1
github.com/go-ozzo/ozzo-validation/v4/validation.go:251.16,253.3 1 1
github.com/go-ozzo/ozzo-validation/v4/validation.go:254.2,254.19 1 1
github.com/go-ozzo/ozzo-validation/v4/validation.go:257.88,258.17 1 1
github.com/go-ozzo/ozzo-validation/v4/validation.go:258.17,260.3 1 1
github.com/go-ozzo/ozzo-validation/v4/validation.go:261.2,261.25 1 1
github.com/go-ozzo/ozzo-validation/v4/validation.go:265.26,267.2 1 1
github.com/go-ozzo/ozzo-validation/v4/validation.go:270.46,272.2 1 1
github.com/go-ozzo/ozzo-validation/v4/when.go:6.51,12.2 1 1
github.com/go-ozzo/ozzo-validation/v4/when.go:22.53,24.2 1 1
github.com/go-ozzo/ozzo-validation/v4/when.go:27.85,28.17 1 1
github.com/go-ozzo/ozzo-validation/v4/when.go:28.17,29.17 1 1
github.com/go-ozzo/ozzo-validation/v4/when.go:29.17,31.4 1 1
github.com/go-ozzo/ozzo-validation/v4/when.go:32.3,32.53 1 1
github.com/go-ozzo/ozzo-validation/v4/when.go:35.2,35.16 1 1
github.com/go-ozzo/ozzo-validation/v4/when.go:35.16,37.3 1 1
github.com/go-ozzo/ozzo-validation/v4/when.go:38.2,38.56 1 1
github.com/go-ozzo/ozzo-validation/v4/when.go:42.48,45.2 2 1
